[techzaa.in/larkon/admin/index.html]
[backblue.gif]
[fade.gif]
[index.html]
[techzaa.in/larkon/admin/assets/images/favicon.ico]
[techzaa.in/larkon/admin/assets/css/vendor.min.css]
[techzaa.in/larkon/admin/assets/css/app.min.css]
[techzaa.in/larkon/admin/assets/css/icons.min.css]
[techzaa.in/larkon/admin/assets/js/config.js]
[techzaa.in/larkon/admin/assets/images/users/avatar-1.jpg]
[techzaa.in/larkon/admin/assets/images/users/avatar-3.jpg]
[techzaa.in/larkon/admin/assets/images/users/avatar-5.jpg]
[techzaa.in/larkon/admin/pages-profile.html]
[techzaa.in/larkon/admin/apps-chat.html]
[techzaa.in/larkon/admin/pages-pricing.html]
[techzaa.in/larkon/admin/pages-faqs.html]
[techzaa.in/larkon/admin/auth-lock-screen.html]
[techzaa.in/larkon/admin/auth-signin.html]
[techzaa.in/larkon/admin/assets/images/users/avatar-7.jpg]
[techzaa.in/larkon/admin/assets/images/small/img-6.jpg]
[techzaa.in/larkon/admin/assets/images/small/img-3.jpg]
[techzaa.in/larkon/admin/assets/images/small/img-4.jpg]
[techzaa.in/larkon/admin/assets/images/users/avatar-6.jpg]
[techzaa.in/larkon/admin/assets/images/logo-sm.png]
[techzaa.in/larkon/admin/assets/images/logo-dark.png]
[techzaa.in/larkon/admin/assets/images/logo-light.png]
[techzaa.in/larkon/admin/product-list.html]
[techzaa.in/larkon/admin/product-grid.html]
[techzaa.in/larkon/admin/product-details.html]
[techzaa.in/larkon/admin/product-edit.html]
[techzaa.in/larkon/admin/product-add.html]
[techzaa.in/larkon/admin/category-list.html]
[techzaa.in/larkon/admin/category-edit.html]
[techzaa.in/larkon/admin/category-add.html]
[techzaa.in/larkon/admin/inventory-warehouse.html]
[techzaa.in/larkon/admin/inventory-received-orders.html]
[techzaa.in/larkon/admin/orders-list.html]
[techzaa.in/larkon/admin/order-detail.html]
[techzaa.in/larkon/admin/order-cart.html]
[techzaa.in/larkon/admin/order-checkout.html]
[techzaa.in/larkon/admin/purchase-list.html]
[techzaa.in/larkon/admin/purchase-order.html]
[techzaa.in/larkon/admin/purchase-returns.html]
[techzaa.in/larkon/admin/attributes-list.html]
[techzaa.in/larkon/admin/attributes-edit.html]
[techzaa.in/larkon/admin/attributes-add.html]
[techzaa.in/larkon/admin/invoice-list.html]
[techzaa.in/larkon/admin/invoice-details.html]
[techzaa.in/larkon/admin/invoice-add.html]
[techzaa.in/larkon/admin/settings.html]
[techzaa.in/larkon/admin/role-list.html]
[techzaa.in/larkon/admin/role-edit.html]
[techzaa.in/larkon/admin/role-add.html]
[techzaa.in/larkon/admin/pages-permissions.html]
[techzaa.in/larkon/admin/customer-list.html]
[techzaa.in/larkon/admin/customer-detail.html]
[techzaa.in/larkon/admin/seller-list.html]
[techzaa.in/larkon/admin/seller-edit.html]
[techzaa.in/larkon/admin/seller-details.html]
[techzaa.in/larkon/admin/seller-add.html]
[techzaa.in/larkon/admin/coupons-add.html]
[techzaa.in/larkon/admin/coupons-list.html]
[techzaa.in/larkon/admin/pages-review.html]
[techzaa.in/larkon/admin/apps-email.html]
[techzaa.in/larkon/admin/apps-calendar.html]
[techzaa.in/larkon/admin/apps-todo.html]
[techzaa.in/larkon/admin/help-center.html]
[techzaa.in/larkon/admin/privacy-policy.html]
[techzaa.in/larkon/admin/pages-starter.html]
[techzaa.in/larkon/admin/pages-comingsoon.html]
[techzaa.in/larkon/admin/pages-timeline.html]
[techzaa.in/larkon/admin/pages-maintenance.html]
[techzaa.in/larkon/admin/pages-404.html]
[techzaa.in/larkon/admin/pages-404-alt.html]
[techzaa.in/larkon/admin/auth-signup.html]
[techzaa.in/larkon/admin/auth-password.html]
[techzaa.in/larkon/admin/widgets.html]
[techzaa.in/larkon/admin/ui-accordion.html]
[techzaa.in/larkon/admin/ui-alerts.html]
[techzaa.in/larkon/admin/ui-avatar.html]
[techzaa.in/larkon/admin/ui-badge.html]
[techzaa.in/larkon/admin/ui-breadcrumb.html]
[techzaa.in/larkon/admin/ui-buttons.html]
[techzaa.in/larkon/admin/ui-card.html]
[techzaa.in/larkon/admin/ui-carousel.html]
[techzaa.in/larkon/admin/ui-collapse.html]
[techzaa.in/larkon/admin/ui-dropdown.html]
[techzaa.in/larkon/admin/ui-list-group.html]
[techzaa.in/larkon/admin/ui-modal.html]
[techzaa.in/larkon/admin/ui-tabs.html]
[techzaa.in/larkon/admin/ui-offcanvas.html]
[techzaa.in/larkon/admin/ui-pagination.html]
[techzaa.in/larkon/admin/ui-placeholders.html]
[techzaa.in/larkon/admin/ui-popovers.html]
[techzaa.in/larkon/admin/ui-progress.html]
[techzaa.in/larkon/admin/ui-scrollspy.html]
[techzaa.in/larkon/admin/ui-spinners.html]
[techzaa.in/larkon/admin/ui-toasts.html]
[techzaa.in/larkon/admin/ui-tooltips.html]
[techzaa.in/larkon/admin/extended-ratings.html]
[techzaa.in/larkon/admin/extended-sweetalert.html]
[techzaa.in/larkon/admin/extended-swiper-silder.html]
[techzaa.in/larkon/admin/extended-scrollbar.html]
[techzaa.in/larkon/admin/extended-toastify.html]
[techzaa.in/larkon/admin/charts-apex-area.html]
[techzaa.in/larkon/admin/charts-apex-bar.html]
[techzaa.in/larkon/admin/charts-apex-bubble.html]
[techzaa.in/larkon/admin/charts-apex-candlestick.html]
[techzaa.in/larkon/admin/charts-apex-column.html]
[techzaa.in/larkon/admin/charts-apex-heatmap.html]
[techzaa.in/larkon/admin/charts-apex-line.html]
[techzaa.in/larkon/admin/charts-apex-mixed.html]
[techzaa.in/larkon/admin/charts-apex-timeline.html]
[techzaa.in/larkon/admin/charts-apex-boxplot.html]
[techzaa.in/larkon/admin/charts-apex-treemap.html]
[techzaa.in/larkon/admin/charts-apex-pie.html]
[techzaa.in/larkon/admin/charts-apex-radar.html]
[techzaa.in/larkon/admin/charts-apex-radialbar.html]
[techzaa.in/larkon/admin/charts-apex-scatter.html]
[techzaa.in/larkon/admin/charts-apex-polar-area.html]
[techzaa.in/larkon/admin/forms-basic.html]
[techzaa.in/larkon/admin/forms-checkbox-radio.html]
[techzaa.in/larkon/admin/forms-choices.html]
[techzaa.in/larkon/admin/forms-clipboard.html]
[techzaa.in/larkon/admin/forms-flatepicker.html]
[techzaa.in/larkon/admin/forms-validation.html]
[techzaa.in/larkon/admin/forms-wizard.html]
[techzaa.in/larkon/admin/forms-fileuploads.html]
[techzaa.in/larkon/admin/forms-editors.html]
[techzaa.in/larkon/admin/forms-input-mask.html]
[techzaa.in/larkon/admin/forms-range-slider.html]
[techzaa.in/larkon/admin/tables-basic.html]
[techzaa.in/larkon/admin/tables-gridjs.html]
[techzaa.in/larkon/admin/icons-boxicons.html]
[techzaa.in/larkon/admin/icons-solar.html]
[techzaa.in/larkon/admin/maps-google.html]
[techzaa.in/larkon/admin/maps-vector.html]
[techzaa.in/larkon/admin/assets/images/products/product-1(1).png]
[techzaa.in/larkon/admin/assets/images/products/product-4.png]
[techzaa.in/larkon/admin/assets/images/products/product-5.png]
[techzaa.in/larkon/admin/assets/images/products/product-6.png]
[techzaa.in/larkon/admin/assets/images/products/product-1(2).png]
[techzaa.in/larkon/admin/assets/js/app.js]
[techzaa.in/larkon/admin/assets/js/vendor.js]
[techzaa.in/larkon/admin/assets/vendor/jsvectormap/js/jsvectormap.min.js]
[techzaa.in/larkon/admin/assets/vendor/jsvectormap/maps/world-merc.js]
[techzaa.in/larkon/admin/assets/vendor/jsvectormap/maps/world.js]
[techzaa.in/larkon/admin/assets/js/pages/dashboard.js]
[techzaa.in/larkon/admin/index.html]
[techzaa.in/larkon/admin/assets/css/vendor.min.css]
[techzaa.in/larkon/admin/assets/fonts/boxicons.eot]
[techzaa.in/larkon/admin/assets/fonts/boxicons.woff2]
[techzaa.in/larkon/admin/assets/fonts/boxicons.woff]
[techzaa.in/larkon/admin/assets/fonts/boxicons.ttf]
[techzaa.in/larkon/admin/assets/fonts/tabler-icons3026.woff2]
[techzaa.in/larkon/admin/assets/fonts/tabler-iconsd41d.woff]
[techzaa.in/larkon/admin/assets/fonts/tabler-icons3026.ttf]
[techzaa.in/larkon/admin/assets/css/icons.min.css]
[techzaa.in/larkon/admin/assets/images/users/chat.jpg]
[techzaa.in/larkon/admin/assets/css/app.min.css]
[techzaa.in/larkon/admin/assets/images/qr-code.png]
[techzaa.in/larkon/admin/pages-profile.html]
[techzaa.in/larkon/admin/assets/images/users/avatar-2.jpg]
[techzaa.in/larkon/admin/assets/images/users/avatar-4.jpg]
[techzaa.in/larkon/admin/assets/images/users/avatar-8.jpg]
[techzaa.in/larkon/admin/assets/images/users/avatar-9.jpg]
[techzaa.in/larkon/admin/assets/images/users/avatar-10.jpg]
[techzaa.in/larkon/admin/assets/images/small/img-1.jpg]
[techzaa.in/larkon/admin/assets/images/small/img-2.jpg]
[techzaa.in/larkon/admin/assets/js/pages/app-chat.js]
[techzaa.in/larkon/admin/apps-chat.html]
[techzaa.in/larkon/admin/pages-pricing.html]
[techzaa.in/larkon/admin/pages-faqs.html]
[cdn.jsdelivr.net/npm/@tabler/icons-webfont@latest/tabler-icons.min.css]
[techzaa.in/larkon/admin/assets/images/small/img-10.jpg]
[techzaa.in/larkon/admin/auth-lock-screen.html]
[techzaa.in/larkon/admin/auth-signin.html]
[techzaa.in/larkon/admin/assets/images/product/p-1.png]
[techzaa.in/larkon/admin/assets/images/product/p-2.png]
[techzaa.in/larkon/admin/assets/images/product/p-3.png]
[techzaa.in/larkon/admin/assets/images/product/p-4.png]
[techzaa.in/larkon/admin/assets/images/product/p-5.png]
[techzaa.in/larkon/admin/assets/images/product/p-6.png]
[techzaa.in/larkon/admin/assets/images/product/p-7.png]
[techzaa.in/larkon/admin/assets/images/product/p-8.png]
[techzaa.in/larkon/admin/assets/images/product/p-9.png]
[techzaa.in/larkon/admin/assets/images/product/p-10.png]
[techzaa.in/larkon/admin/assets/images/product/p-11.png]
[techzaa.in/larkon/admin/assets/images/product/p-12.png]
[techzaa.in/larkon/admin/product-list.html]
[techzaa.in/larkon/admin/assets/js/pages/product-grid.js]
[techzaa.in/larkon/admin/product-grid.html]
[techzaa.in/larkon/admin/assets/images/product/p-13.png]
[techzaa.in/larkon/admin/assets/images/product/p-14.png]
[techzaa.in/larkon/admin/assets/js/pages/product-details.js]
[techzaa.in/larkon/admin/product-details.html]
[techzaa.in/larkon/admin/product-edit.html]
[techzaa.in/larkon/admin/product-add.html]
[techzaa.in/larkon/admin/category-list.html]
[techzaa.in/larkon/admin/category-edit.html]
[techzaa.in/larkon/admin/category-add.html]
[techzaa.in/larkon/admin/inventory-warehouse.html]
[techzaa.in/larkon/admin/inventory-received-orders.html]
[techzaa.in/larkon/admin/orders-list.html]
[techzaa.in/larkon/admin/order-detail.html]
[techzaa.in/larkon/admin/assets/js/pages/order-cart.js]
[techzaa.in/larkon/admin/order-cart.html]
[techzaa.in/larkon/admin/assets/images/brands/dhl.png]
[techzaa.in/larkon/admin/assets/images/brands/fedex.png]
[techzaa.in/larkon/admin/assets/images/brands/ups.png]
[techzaa.in/larkon/admin/assets/images/party.png]
[techzaa.in/larkon/admin/order-checkout.html]
[techzaa.in/larkon/admin/purchase-list.html]
[techzaa.in/larkon/admin/purchase-order.html]
[techzaa.in/larkon/admin/purchase-returns.html]
[techzaa.in/larkon/admin/attributes-list.html]
[techzaa.in/larkon/admin/attributes-edit.html]
[techzaa.in/larkon/admin/attributes-add.html]
[techzaa.in/larkon/admin/invoice-list.html]
[techzaa.in/larkon/admin/assets/images/check-2.png]
[techzaa.in/larkon/admin/invoice-details.html]
[techzaa.in/larkon/admin/assets/js/pages/invoice-add.js]
[techzaa.in/larkon/admin/invoice-add.html]
[techzaa.in/larkon/admin/settings.html]
[techzaa.in/larkon/admin/assets/images/app-calendar/facebook.png]
[techzaa.in/larkon/admin/assets/images/app-calendar/slack.png]
[techzaa.in/larkon/admin/assets/images/app-calendar/zoom.png]
[techzaa.in/larkon/admin/assets/images/app-calendar/google-analytics.png]
[techzaa.in/larkon/admin/assets/images/users/avatar-11.jpg]
[techzaa.in/larkon/admin/assets/images/users/avatar-12.jpg]
[techzaa.in/larkon/admin/assets/images/app-calendar/google-meet.png]
[techzaa.in/larkon/admin/assets/images/app-calendar/google-mail.png]
[techzaa.in/larkon/admin/assets/images/app-calendar/stripe.png]
[techzaa.in/larkon/admin/role-list.html]
[techzaa.in/larkon/admin/role-edit.html]
[techzaa.in/larkon/admin/role-add.html]
[techzaa.in/larkon/admin/pages-permissions.html]
[techzaa.in/larkon/admin/customer-list.html]
[techzaa.in/larkon/admin/assets/images/user-profile.png]
[techzaa.in/larkon/admin/assets/js/pages/customer-details.js]
[techzaa.in/larkon/admin/customer-detail.html]
[techzaa.in/larkon/admin/seller-list.html]
[techzaa.in/larkon/admin/assets/js/pages/seller-detail.js]
[techzaa.in/larkon/admin/seller-details.html]
[techzaa.in/larkon/admin/assets/js/pages/seller-add.js]
[techzaa.in/larkon/admin/seller-edit.html]
[techzaa.in/larkon/admin/seller-add.html]
[techzaa.in/larkon/admin/coupons-list.html]
[techzaa.in/larkon/admin/assets/js/pages/coupons-add.js]
[techzaa.in/larkon/admin/coupons-add.html]
[techzaa.in/larkon/admin/assets/images/double.png]
[techzaa.in/larkon/admin/pages-review.html]
[techzaa.in/larkon/admin/assets/js/pages/app-email.js]
[techzaa.in/larkon/admin/apps-email.html]
[techzaa.in/larkon/admin/assets/vendor/fullcalendar/main.min.css]
[techzaa.in/larkon/admin/assets/js/pages/app-calendar.js]
[techzaa.in/larkon/admin/apps-calendar.html]
[techzaa.in/larkon/admin/apps-todo.html]
[techzaa.in/larkon/admin/help-center.html]
[techzaa.in/larkon/admin/privacy-policy.html]
[techzaa.in/larkon/admin/pages-starter.html]
[techzaa.in/larkon/admin/assets/vendor/fullcalendar/main.min.js]
[techzaa.in/larkon/admin/assets/images/coming-soon.png]
[techzaa.in/larkon/admin/assets/js/pages/coming-soon.js]
[techzaa.in/larkon/admin/pages-comingsoon.html]
[techzaa.in/larkon/admin/pages-timeline.html]
[techzaa.in/larkon/admin/assets/images/maintenance-2.png]
[techzaa.in/larkon/admin/pages-maintenance.html]
[techzaa.in/larkon/admin/assets/images/404-error.png]
[techzaa.in/larkon/admin/pages-404.html]
[techzaa.in/larkon/admin/pages-404-alt.html]
[techzaa.in/larkon/admin/auth-signup.html]
[techzaa.in/larkon/admin/auth-password.html]
[techzaa.in/larkon/admin/assets/js/pages/widgets.js]
[techzaa.in/larkon/admin/widgets.html]
[techzaa.in/larkon/admin/ui-accordion.html]
[techzaa.in/larkon/admin/ui-alerts.html]
[techzaa.in/larkon/admin/ui-avatar.html]
[techzaa.in/larkon/admin/ui-badge.html]
[techzaa.in/larkon/admin/ui-breadcrumb.html]
[techzaa.in/larkon/admin/ui-buttons.html]
[techzaa.in/larkon/admin/assets/images/small/img-5.jpg]
[techzaa.in/larkon/admin/ui-card.html]
[techzaa.in/larkon/admin/assets/images/small/img-7.jpg]
[techzaa.in/larkon/admin/assets/images/small/img-8.jpg]
[techzaa.in/larkon/admin/assets/images/small/img-9.jpg]
[techzaa.in/larkon/admin/ui-carousel.html]
[techzaa.in/larkon/admin/ui-collapse.html]
[techzaa.in/larkon/admin/ui-dropdown.html]
[techzaa.in/larkon/admin/ui-list-group.html]
[techzaa.in/larkon/admin/ui-modal.html]
[techzaa.in/larkon/admin/ui-tabs.html]
[techzaa.in/larkon/admin/ui-offcanvas.html]
[techzaa.in/larkon/admin/ui-pagination.html]
[techzaa.in/larkon/admin/ui-placeholders.html]
[techzaa.in/larkon/admin/ui-popovers.html]
[techzaa.in/larkon/admin/ui-progress.html]
[techzaa.in/larkon/admin/ui-scrollspy.html]
[techzaa.in/larkon/admin/ui-spinners.html]
[techzaa.in/larkon/admin/ui-toasts.html]
[techzaa.in/larkon/admin/ui-tooltips.html]
[techzaa.in/larkon/admin/assets/js/components/extended-rating.js]
[techzaa.in/larkon/admin/extended-ratings.html]
[techzaa.in/larkon/admin/assets/js/components/extended-sweetalert.js]
[techzaa.in/larkon/admin/extended-sweetalert.html]
[techzaa.in/larkon/admin/extended-swiper-silder.html]
[techzaa.in/larkon/admin/extended-scrollbar.html]
[techzaa.in/larkon/admin/extended-toastify.html]
[apexcharts.com/samples/assets/stock-prices.js]
[apexcharts.com/samples/assets/github-data.js]
[apexcharts.com/samples/assets/irregular-data-series.js]
[techzaa.in/larkon/admin/assets/js/components/apexchart-area.js]
[techzaa.in/larkon/admin/charts-apex-area.html]
[techzaa.in/larkon/admin/assets/js/components/apexchart-bar.js]
[techzaa.in/larkon/admin/charts-apex-bar.html]
[techzaa.in/larkon/admin/assets/js/components/apexchart-bubble.js]
[techzaa.in/larkon/admin/charts-apex-bubble.html]
[apexcharts.com/samples/assets/ohlc.js]
[cdnjs.cloudflare.com/ajax/libs/dayjs/1.8.17/dayjs.min.js]
[techzaa.in/larkon/admin/assets/js/components/apexchart-candlestick.js]
[techzaa.in/larkon/admin/charts-apex-candlestick.html]
[cdnjs.cloudflare.com/ajax/libs/dayjs/1.11.0/dayjs.min.js]
[cdnjs.cloudflare.com/ajax/libs/dayjs/1.11.0/plugin/quarterOfYear.min.js]
[techzaa.in/larkon/admin/assets/js/components/apexchart-column.js]
[techzaa.in/larkon/admin/charts-apex-column.html]
[techzaa.in/larkon/admin/assets/js/components/apexchart-heatmap.js]
[techzaa.in/larkon/admin/charts-apex-heatmap.html]
[techzaa.in/larkon/admin/assets/js/components/apexchart-line.js]
[techzaa.in/larkon/admin/charts-apex-line.html]
[techzaa.in/larkon/admin/assets/js/components/apexchart-mixed.js]
[techzaa.in/larkon/admin/charts-apex-mixed.html]
[techzaa.in/larkon/admin/assets/js/components/apexchart-timeline.js]
[techzaa.in/larkon/admin/charts-apex-timeline.html]
[techzaa.in/larkon/admin/assets/js/components/apexchart-boxplot.js]
[techzaa.in/larkon/admin/charts-apex-boxplot.html]
[techzaa.in/larkon/admin/assets/js/components/apexchart-treemap.js]
[techzaa.in/larkon/admin/charts-apex-treemap.html]
[techzaa.in/larkon/admin/assets/js/components/apexchart-pie.js]
[techzaa.in/larkon/admin/charts-apex-pie.html]
[techzaa.in/larkon/admin/assets/js/components/apexchart-radar.js]
[techzaa.in/larkon/admin/charts-apex-radar.html]
[techzaa.in/larkon/admin/assets/js/components/apexchart-radialbar.js]
[techzaa.in/larkon/admin/charts-apex-radialbar.html]
[techzaa.in/larkon/admin/assets/js/components/apexchart-scatter.js]
[techzaa.in/larkon/admin/charts-apex-scatter.html]
[techzaa.in/larkon/admin/assets/js/components/apexchart-polar-area.js]
[techzaa.in/larkon/admin/charts-apex-polar-area.html]
[techzaa.in/larkon/admin/forms-basic.html]
[techzaa.in/larkon/admin/forms-checkbox-radio.html]
[techzaa.in/larkon/admin/forms-choices.html]
[techzaa.in/larkon/admin/assets/js/components/form-clipboard.js]
[techzaa.in/larkon/admin/forms-clipboard.html]
[techzaa.in/larkon/admin/assets/js/components/form-flatepicker.js]
[techzaa.in/larkon/admin/forms-flatepicker.html]
[techzaa.in/larkon/admin/forms-validation.html]
[techzaa.in/larkon/admin/assets/images/users/dummy-avatar.jpg]
[techzaa.in/larkon/admin/forms-wizard.html]
[techzaa.in/larkon/admin/forms-fileuploads.html]
[techzaa.in/larkon/admin/assets/js/components/form-quilljs.js]
[techzaa.in/larkon/admin/forms-editors.html]
[techzaa.in/larkon/admin/forms-input-mask.html]
[techzaa.in/larkon/admin/assets/js/components/form-slider.js]
[techzaa.in/larkon/admin/forms-range-slider.html]
[techzaa.in/larkon/admin/tables-basic.html]
[techzaa.in/larkon/admin/assets/vendor/gridjs/theme/mermaid.min.css]
[techzaa.in/larkon/admin/assets/vendor/gridjs/gridjs.umd.js]
[techzaa.in/larkon/admin/assets/js/components/table-gridjs.js]
[techzaa.in/larkon/admin/tables-gridjs.html]
[techzaa.in/larkon/admin/icons-boxicons.html]
[techzaa.in/larkon/admin/icons-solar.html]
[techzaa.in/larkon/admin/assets/vendor/gmaps/gmaps.min.js]
[techzaa.in/larkon/admin/assets/js/components/maps-google.js]
[techzaa.in/larkon/admin/maps-google.html]
[techzaa.in/larkon/admin/assets/js/components/maps-canada.js]
[techzaa.in/larkon/admin/assets/js/components/maps-iraq.js]
[techzaa.in/larkon/admin/assets/js/components/maps-spain.js]
[techzaa.in/larkon/admin/assets/js/components/maps-russia.js]
[techzaa.in/larkon/admin/assets/js/components/maps-us-aea-en.js]
[techzaa.in/larkon/admin/assets/js/components/maps-us-lcc-en.js]
[techzaa.in/larkon/admin/assets/js/components/maps-us-mill-en.js]
[techzaa.in/larkon/admin/assets/js/components/maps-vector.js]
[techzaa.in/larkon/admin/maps-vector.html]
[techzaa.in/larkon/admin/assets/fonts/boxiconsd41d.svg]
[cdn.jsdelivr.net/npm/@tabler/icons-webfont@latest/fonts/tabler-icons8d6f.eot]
[cdn.jsdelivr.net/npm/@tabler/icons-webfont@latest/fonts/tabler-iconsd41d.eot]
[cdn.jsdelivr.net/npm/@tabler/icons-webfont@latest/fonts/tabler-icons8d6f.woff2]
[cdn.jsdelivr.net/npm/@tabler/icons-webfont@latest/fonts/tabler-iconsd41d.woff]
[cdn.jsdelivr.net/npm/@tabler/icons-webfont@latest/tabler-icons.min.css]
[techzaa.in/larkon/admin/assets/images/card/mastercard.svg]
[techzaa.in/larkon/admin/assets/images/card/paypal.svg]
[techzaa.in/larkon/admin/assets/images/card/stripe.svg]
[techzaa.in/larkon/admin/assets/images/card/visa.svg]
[cdn.jsdelivr.net/npm/@tabler/icons-webfont@latest/fonts/tabler-icons8d6f.ttf]
[techzaa.in/larkon/admin/assets/images/seller/zara.svg]
[techzaa.in/larkon/admin/assets/images/seller/rolex.svg]
[techzaa.in/larkon/admin/assets/images/seller/dyson.svg]
[techzaa.in/larkon/admin/assets/images/seller/gopro.svg]
[techzaa.in/larkon/admin/assets/images/seller/h&m.svg]
[techzaa.in/larkon/admin/assets/images/seller/huawei.svg]
[techzaa.in/larkon/admin/assets/images/seller/nike.svg]
[techzaa.in/larkon/admin/assets/images/seller/thenorthface.svg]
[techzaa.in/larkon/admin/assets/vendor/fullcalendar/main.min.css]
[apexcharts.com/samples/assets/series1000.js]
[techzaa.in/larkon/assets/js/components/form-wizard.html]
[techzaa.in/larkon/admin/assets/vendor/gridjs/theme/mermaid.min.css]
[techzaa.in/larkon/admin/assets/images/seller/image.html]
